4a000000 T _start
4a000020 t _undefined_instruction
4a000024 t _software_interrupt
4a000028 t _prefetch_abort
4a00002c t _data_abort
4a000030 t _not_used
4a000034 t _irq
4a000038 t _fiq
4a00003c t _pad
4a000040 T _TEXT_BASE
4a000040 T _end_vect
4a000044 T _bss_start_ofs
4a000048 T _image_copy_end_ofs
4a00004c T _bss_end_ofs
4a000050 T _end_ofs
4a000054 T IRQ_STACK_START_IN
4a000058 t reset
4a000070 t call_board_init_f
4a000080 T relocate_code
4a00008c t stack_setup
4a0000ac t copy_loop
4a0000dc t fixloop
4a000100 t fixabs
4a000114 t fixrel
4a00011c t fixnext
4a000130 t _rel_dyn_start_ofs
4a000134 t _rel_dyn_end_ofs
4a000138 t _dynsym_start_ofs
4a00013c t clear_bss
4a000154 t clbss_l
4a000164 t jump_2_ram
4a00018c t _board_init_r_ofs
4a000190 t cpu_init_crit
4a0001e0 t undefined_instruction
4a000240 t software_interrupt
4a0002a0 t prefetch_abort
4a000300 t data_abort
4a000360 t not_used
4a0003c0 t irq
4a000420 t fiq
4a000480 t v7_maint_dcache_all
4a000580 t v7_dcache_maint_range
4a000648 T invalidate_dcache_all
4a00065c T flush_dcache_all
4a000670 T invalidate_dcache_range
4a000694 T flush_dcache_range
4a0006b8 T arm_init_before_mmu
4a0006e0 T flush_cache
4a0006e8 T invalidate_icache_all
4a000700 T __v7_outer_cache_enable
4a000700 W v7_outer_cache_enable
4a000704 T __v7_outer_cache_disable
4a000704 W v7_outer_cache_disable
4a000708 T __v7_outer_cache_flush_all
4a000708 W v7_outer_cache_flush_all
4a00070c T __v7_outer_cache_inval_all
4a00070c W v7_outer_cache_inval_all
4a000710 T __v7_outer_cache_flush_range
4a000710 W v7_outer_cache_flush_range
4a000714 T __v7_outer_cache_inval_range
4a000714 W v7_outer_cache_inval_range
4a000718 T save_boot_params_default
4a000718 W save_boot_params
4a00071c T cleanup_before_linux
4a00073c T sdelay
4a000748 T sr32
4a00076c T wait_on_value
4a0007a0 T timer_init
4a0007c0 T get_timer_masked
4a00081c T get_timer
4a000830 T __udelay
4a00088c T get_ticks
4a00089c T get_tbclk
4a0008a4 T tick_printf
4a00091c T stick_printf
4a000960 T print_boot_type
4a0009dc T print_cpuinfo
4a0009f4 T watchdog_init
4a000a08 T clock_init
4a000a10 T gpio_init
4a000a14 T sdram_init
4a000a1c T get_base
4a000a28 T is_running_in_sdram
4a000a40 T s_init
4a000a54 T reset_cpu
4a000a70 T enable_caches
4a000a74 T sunxi_key_init
4a000b00 T sunxi_read_key
4a000b38 T sunxi_check_recovery
4a000bb0 T sunxi_check_fastboot
4a000c28 T sunxi_key_hexdump
4a000ca4 T do_key_test
4a000cdc t fastboot_bulk_endpoint_reset
4a000dc0 t ReadDataStatusComplete
4a000e08 t WriteDataStatusComplete.constprop.4
4a000e60 t fastboot_resume
4a00175c T fastboot_shutdown
4a0017b0 T fastboot_is_highspeed
4a0017cc T fastboot_fifo_size
4a0017e8 T fastboot_poll
4a001b50 T fastboot_tx_status
4a001c58 T fastboot_tx
4a001c5c T fastboot_getvar
4a001c64 T fastboot_preboot
4a001c6c T close_usb_clock
4a001c90 T fastboot_init
4a001eac T _unsparse
4a0020cc T do_unsparse
4a002140 t calc_crc32.constprop.0
4a0021d8 T sunxi_partition_get_total_num
4a002200 T sunxi_partition_get_name
4a002228 T sunxi_partition_get_offset
4a002290 T sunxi_partition_get_size
4a0022f8 T sunxi_partition_get_offset_byname
4a002394 T sunxi_partition_get_size_byname
4a002430 T sunxi_partition_get_info_byname
4a0024f4 T sunxi_partition_init
4a0026c4 t null_irq_hdle
4a0026c8 T irq_request
4a0026e0 T irq_free
4a002700 T irq_enable
4a002744 T irq_disable
4a002788 T gic_sgi_handler
4a00278c T gic_ppi_handler
4a002790 T gic_spi_handler
4a0027b8 T gic_clear_pending
4a0027dc T gic_irq_handler
4a002820 T init_gic
4a002980 t _test_str_length
4a0029b0 t sw_cfg_get_subkey
4a002a40 T sw_cfg_get_int
4a002a70 T sw_cfg_get_str
4a002ac0 T script_parser_init_early
4a002ae0 T script_parser_init
4a002b0c T script_parser_exit
4a002b24 T script_parser_fetch
4a002d4c T script_parser_patch
4a002f90 T script_parser_fetch_ex
4a0031e4 T script_parser_subkey_count
4a003290 T script_parser_mainkey_count
4a0032ac T script_parser_mainkey_get_gpio_count
4a003394 T script_parser_mainkey_get_gpio_cfg
4a003500 T sw_gpio_init
4a003508 T gpio_exit
4a003510 T gpio_request
4a003980 T gpio_request_ex
4a003a20 T gpio_release
4a003c18 T gpio_get_all_pin_status
4a003eb0 T gpio_get_one_pin_status
4a004018 T gpio_set_one_pin_status
4a0041bc T gpio_set_one_pin_io_status
4a004284 T gpio_set_one_pin_pull
4a00434c T gpio_set_one_pin_driver_level
4a004414 T gpio_read_one_pin_value
4a0044dc T gpio_write_one_pin_value
4a0045bc T USBC_GetVbusStatus
4a0045f0 T USBC_OTG_SelectMode
4a0045f4 T USBC_ReadLenFromFifo
4a004620 T USBC_WritePacket
4a00468c T USBC_ReadPacket
4a0046f8 T USBC_ConfigFIFO_Base
4a004730 T USBC_GetPortFifoStartAddr
4a004760 T USBC_GetPortFifoSize
4a004784 T USBC_SelectFIFO
4a004794 T __USBC_ConfigFifo_TxEp
4a0047e8 T __USBC_ConfigFifo_RxEp_Default
4a0047f8 T __USBC_ConfigFifo_RxEp
4a00484c T USBC_ConfigFifo_Default
4a004884 T USBC_ConfigFifo
4a0048c0 T USBC_GetLastFrameNumber
4a0048d0 T USBC_GetStatus_Dp
4a0048e8 T USBC_GetStatus_Dm
4a004900 T USBC_GetStatus_DpDm
4a004924 T USBC_GetOtgMode_Form_ID
4a00494c T USBC_GetOtgMode_Form_BDevice
4a004964 T USBC_SelectBus
4a0049ac T USBC_INT_EpPending
4a0049e8 T USBC_INT_ClearEpPending
4a004a3c T USBC_INT_ClearEpPendingAll
4a004a74 T USBC_INT_MiscPending
4a004a88 T USBC_INT_ClearMiscPending
4a004a9c T USBC_INT_ClearMiscPendingAll
4a004ab0 T USBC_INT_EnableEp
4a004b0c T USBC_INT_EnableUsbMiscUint
4a004b28 T USBC_INT_DisableEp
4a004b74 T USBC_INT_DisableUsbMiscUint
4a004b8c T USBC_INT_DisableEpAll
4a004bbc T USBC_INT_DisableUsbMiscAll
4a004bd0 T USBC_GetActiveEp
4a004be4 T USBC_SelectActiveEp
4a004bf4 T USBC_EnhanceSignal
4a004bf8 T USBC_EnterMode_TestPacket
4a004c10 T USBC_EnterMode_Test_K
4a004c28 T USBC_EnterMode_Test_J
4a004c40 T USBC_EnterMode_Test_SE0_NAK
4a004c58 T USBC_EnterMode_Idle
4a004ca4 T USBC_SetWakeUp_Default
4a004ca8 T USBC_EnableIdPullUp
4a004cc0 T USBC_DisableIdPullUp
4a004cd8 T USBC_EnableDpDmPullUp
4a004cf0 T USBC_DisableDpDmPullUp
4a004d08 T USBC_ForceId
4a004d40 T USBC_ForceVbusValid
4a004d88 T USBC_A_valid_InputSelect
4a004d8c T USBC_EnableUsbLineStateBypass
4a004d90 T USBC_DisableUsbLineStateBypass
4a004d94 T USBC_EnableHosc
4a004dac T USBC_DisableHosc
4a004dc0 T USBC_IsVbusChange
4a004ddc T USBC_IsIdChange
4a004df8 T USBC_IsDpDmChange
4a004e14 T USBC_DisableWakeIrq
4a004e28 T USBC_DisableVbusChange
4a004e3c T USBC_DisableIdChange
4a004e50 T USBC_DisableDpDmChange
4a004e64 T USBC_EnableWakeIrq
4a004e7c T USBC_EnableVbusChange
4a004e94 T USBC_EnableIdChange
4a004eac T USBC_EnableDpDmChange
4a004ec4 T USBC_TestMode_ReadReg
4a004f04 T USBC_PrintAllReg
4a005260 T USBC_open_otg
4a0052a4 T USBC_close_otg
4a0052cc T USBC_init
4a005308 T USBC_exit
4a00534c T USBC_Dev_SetAddress_default
4a005360 T USBC_Dev_SetAddress
4a005370 T USBC_Dev_QueryTransferMode
4a005390 T USBC_Dev_ConfigTransferMode
4a005400 T USBC_Dev_ConectSwitch
4a005424 T USBC_Dev_QueryPowerStatus
4a005438 T USBC_Dev_ConfigEp
4a005544 T USBC_Dev_ConfigEp_Default
4a0055ac T USBC_Dev_ConfigEpDma
4a005604 T USBC_Dev_ClearEpDma
4a005664 T USBC_Dev_IsEpStall
4a0056ac T USBC_Dev_EpSendStall
4a005714 T USBC_Dev_EpClearStall
4a0057bc T USBC_Dev_Ctrl_IsSetupEnd
4a0057d0 T USBC_Dev_Ctrl_ClearSetupEnd
4a0057e8 T USBC_Dev_WriteDataStatus
4a00586c T USBC_Dev_ReadDataStatus
4a0058f0 T USBC_Dev_IsReadDataReady
4a005930 T USBC_Dev_IsWriteDataReady
4a00596c T USBC_Host_SetFunctionAddress_Deafult
4a0059c8 T USBC_Host_SetFunctionAddress
4a005a50 T USBC_Host_SetHubAddress_Deafult
4a005a80 T USBC_Host_SetHubAddress
4a005ac8 T USBC_Host_SetHPortAddress_Deafult
4a005af8 T USBC_Host_SetHPortAddress
4a005b20 T USBC_Host_QueryTransferMode
4a005b40 T USBC_Host_ConfigTransferMode
4a005b74 T USBC_Host_ResetPort
4a005b8c T USBC_Host_ClearResetPortFlag
4a005ba4 T USBC_Host_RusumePort
4a005bbc T USBC_Host_ClearRusumePortFlag
4a005bd4 T USBC_Host_SuspendPort
4a005bec T USBC_Host_QueryPowerStatus
4a005c00 T USBC_Host_StartSession
4a005c18 T USBC_Host_EndSession
4a005c30 T USBC_Host_PeripheralType
4a005c50 T USBC_Host_FlushFifo
4a005c98 T USBC_Host_ConfigEp_Default
4a005d1c T USBC_Host_ConfigEp
4a005e7c T USBC_Host_ConfigEpDma
4a005ec0 T USBC_Host_ClearEpDma
4a005f10 T USBC_Host_IsEpNakTimeOut
4a005f54 T USBC_Host_ClearEpNakTimeOut
4a005fac T USBC_Host_IsEpError
4a006000 T USBC_Host_ClearEpError
4a006068 T USBC_Host_IsEpStall
4a0060b4 T USBC_Host_ClearEpStall
4a006120 T USBC_Host_ClearEpCSR
4a00615c T USBC_Host_IsReadDataReady
4a00619c T USBC_Host_IsWriteDataReady
4a0061e4 T USBC_Host_ReadDataStatus
4a006284 T USBC_Host_WriteDataStatus
4a006308 T USBC_Host_IsReqPktSet
4a006348 T USBC_Host_StartInToken
4a00638c T USBC_Host_StopInToken
4a0063dc T USBC_Host_ConfigRqPktCount
4a0063f4 T USBC_Host_ClearRqPktCount
4a006408 T USBC_Host_EnablePing
4a006428 T USBC_Host_DisablePing
4a006440 T USBC_Host_SendCtrlStatus
4a006464 T USBC_Host_SendSetupPkt
4a00647c t usb_phy0_write.constprop.0
4a0064b0 T USBC_PHY_SetCommonConfig
4a0064b4 T USBC_PHY_SetPrivateConfig
4a0064b8 T USBC_PHY_GetCommonConfig
4a0064c0 T USBC_phy_Standby
4a006514 T USBC_Phy_Standby_Recover
4a006518 t _TEXT_BASE
4a00651c T lowlevel_init
4a006538 t SRAM_STACK
4a00653c T sunxi_pre_clean
4a00653c T sunxi_reset
4a00654c t _loop_forever
4a006554 t display_banner
4a0065ac t init_baudrate
4a0065fc T __coloured_LED_init
4a0065fc W coloured_LED_init
4a006600 T __red_LED_on
4a006600 W red_LED_on
4a006604 T __red_LED_off
4a006604 W red_LED_off
4a006608 T __green_LED_on
4a006608 W green_LED_on
4a00660c T __green_LED_off
4a00660c W green_LED_off
4a006610 T __yellow_LED_on
4a006610 W yellow_LED_on
4a006614 T __yellow_LED_off
4a006614 W yellow_LED_off
4a006618 T __blue_LED_on
4a006618 W blue_LED_on
4a00661c T __blue_LED_off
4a00661c W blue_LED_off
4a006620 T __dram_init_banksize
4a00663c T board_init_r
4a0068bc T hang
4a0068d0 T board_init_f
4a006ac0 t setup_start_tag
4a006af8 t setup_memory_tags
4a006b30 t setup_initrd_tag.isra.0
4a006b68 t setup_commandline_tag.isra.2
4a006bdc T arch_lmb_reserve
4a006c20 T do_bootm_linux
4a006d1c T do_boota_linux
4a006e18 T __flush_cache
4a006e1c T __flush_dcache_all
4a006e28 T __enable_caches
4a006e34 t cp_delay
4a006e64 t cache_disable
4a006e9c t cache_enable
4a006f70 T __arm_init_before_mmu
4a006f74 T icache_enable
4a006f7c T icache_disable
4a006f84 T icache_status
4a006f98 T dcache_enable
4a006fa0 T dcache_disable
4a006fa8 T dcache_status
4a006fbc T interrupt_init
4a006fd8 T enable_interrupts
4a006fdc T disable_interrupts
4a006fe4 T bad_mode
4a006ff4 T show_regs
4a007134 T do_undefined_instruction
4a007154 T do_software_interrupt
4a007174 T do_prefetch_abort
4a007194 T do_data_abort
4a0071b4 T do_not_used
4a0071d4 T do_fiq
4a0071f4 T do_irq
4a007214 T do_reset
4a007244 W do_go_exec
4a00725c T do_go
4a0072cc T do_boota
4a0074cc t __fswab32
4a0074e8 T do_bootd
4a00750c t do_bootm_rtems
4a007548 t do_bootm_netbsd
4a007688 t image_get_size
4a007690 t bootm_load_os.isra.9
4a00782c t bootm_start.isra.8
4a007be0 T __arch_preboot_os
4a007be0 W arch_preboot_os
4a007be4 T do_bootm_subcommand
4a007e28 T do_bootm
4a0080c8 T bootm_maybe_autostart
4a00813c T do_exit
4a00816c t reset_handler
4a00819c t memparse
4a008204 t set_env
4a008238 t save_env
4a0083ac t parse_env.constprop.1
4a0085e4 T fastboot_flash_add_ptn
4a008620 T fastboot_flash_dump_ptn
4a008670 T fastboot_flash_find_ptn
4a0086f4 t rx_handler
4a0092a0 T fastboot_flash_get_ptn
4a0092c4 T do_fastboot
4a0098ac T fastboot_flash_get_ptn_count
4a0098bc T do_fat_fsinfo
4a009994 T do_fat_ls
4a009a9c T do_fat_fsdown
4a009c0c T do_fat_fsload
4a009d8c T do_help
4a009dd0 T do_mem_base
4a009e10 T do_mem_mtest
4a009fb0 T do_mem_loop
4a00a0a4 T do_mem_md
4a00a17c T do_mem_crc
4a00a224 T do_mem_cp
4a00a304 T do_mem_cmp
4a00a490 T do_mem_mw
4a00a54c t mod_mem.part.4
4a00a688 T do_mem_nm
4a00a6a0 T do_mem_mm
4a00a6b8 T do_mmcops
4a00ab08 T do_mmcinfo
4a00acb4 t nand_print_info
4a00ad10 T do_nandboot
4a00b010 t arg_off_size
4a00b268 T do_nand
4a00bbf8 t do_env
4a00bc58 t do_env_delete
4a00bc70 t do_env_import
4a00bec0 t do_env_default
4a00bf08 T do_env_save
4a00bf34 t env_print
4a00bfcc T do_env_print
4a00c050 T get_env_id
4a00c060 T _do_env_set
4a00c410 T do_env_set
4a00c42c T setenv
4a00c478 t do_env_export
4a00c694 T envmatch
4a00c6f8 T getenv_f
4a00c7b4 T getenv
4a00c820 T do_sunxi_flash
4a00c978 T do_false
4a00c980 T do_true
4a00c988 T do_test
4a00ce04 T do_version
4a00ce3c T find_cmd_tbl
4a00ced8 T find_cmd
4a00cf00 T cmd_usage
4a00cf5c T _do_help
4a00d0e0 T var_complete
4a00d168 T cmd_auto_complete
4a00d5e4 T cmd_get_data_size
4a00d634 t console_setfile
4a00d6d8 T serial_printf
4a00d718 T fgetc
4a00d744 T ftstc
4a00d770 T fputc
4a00d798 T fputs
4a00d7c0 T fprintf
4a00d808 T getc
4a00d820 T tstc
4a00d838 T putc
4a00d854 T puts
4a00d870 T printf
4a00d8b0 T vprintf
4a00d8e4 T ctrlc
4a00d930 T disable_ctrlc
4a00d948 T had_ctrlc
4a00d958 T clear_ctrlc
4a00d96c T dbg
4a00d978 T search_device
4a00d9a0 T console_assign
4a00d9e0 T console_init_f
4a00d9f0 T stdio_print_current_devices
4a00daa4 T console_init_r
4a00db8c t do_check_chunk
4a00dc68 t do_check_free_chunk
4a00de20 t do_check_inuse_chunk
4a00df4c t malloc_update_mallinfo
4a00e048 t do_check_malloced_chunk
4a00e13c T sbrk
4a00e198 T mem_malloc_init
4a00e1bc T malloc_trim
4a00e29c T free
4a00e4d0 T cfree
4a00e4d4 T malloc
4a00eaec T calloc
4a00ebc0 T memalign
4a00ed18 T pvalloc
4a00ed30 T valloc
4a00ed3c T realloc
4a00f160 T malloc_usable_size
4a00f1b8 T malloc_stats
4a00f1fc T mallinfo
4a00f234 T mallopt
4a00f2a8 T env_get_addr
4a00f2cc T env_get_char_memory
4a00f2dc T env_get_char
4a00f310 T set_default_env
4a00f3b4 T env_import
4a00f484 T env_relocate
4a00f4b4 T env_complete
4a00f598 t flash_env_relocate_spec
4a00f620 t flash_saveenv
4a00f6ec T env_get_char_spec
4a00f6f8 T env_init
4a00f714 T saveenv
4a00f73c T env_relocate_spec
4a00f760 t dummy
4a00f764 T get_version
4a00f76c T jumptable_init
4a00f8fc t b_reset
4a00f918 t static_get
4a00f934 t static_peek
4a00f940 t file_peek
4a00f94c t syntax_err
4a00f958 T do_showvar
4a00fa48 t free_pipe_list
4a00fb28 t b_addchr
4a00fba0 t b_addqchr
4a00fbec t is_assignment.part.0
4a00fc1c t xmalloc
4a00fc3c t file_get
4a00fdf4 t xrealloc
4a00fe14 t done_command
4a00fe9c T simple_itoa
4a00fef4 T get_local_var
4a00ff84 t insert_var_value
4a0100b8 T set_local_var
4a010274 T unset_local_var
4a010314 T new_pipe
4a01033c t done_pipe
4a010384 T reserved_word
4a0104dc t done_word
4a010648 T mapset
4a01066c T update_ifs_map
4a0106dc T parse_string_outer
4a0107cc t run_list_real
4a010fe8 t parse_stream_outer
4a0115c8 T parse_file_outer
4a01160c T u_boot_hush_start
4a011660 t __fswab32
4a01167c t image_check_magic
4a0116a0 t image_get_data_size
4a0116a8 T image_check_hcrc
4a0116f8 T image_check_dcrc
4a011734 T image_multi_count
4a011758 T image_multi_getimg
4a0117dc T getenv_yesno
4a011804 T getenv_bootm_low
4a011834 T getenv_bootm_size
4a011890 T getenv_bootm_mapsize
4a0118c0 T memmove_wd
4a0118cc T genimg_print_size
4a0118fc T get_table_entry_name
4a011928 T genimg_get_os_name
4a011940 T genimg_get_arch_name
4a011958 T genimg_get_type_name
4a011970 T genimg_get_comp_name
4a011988 T image_print_contents
4a011b00 T get_table_entry_id
4a011b64 T genimg_get_os_id
4a011b7c T genimg_get_arch_id
4a011b94 T genimg_get_type_id
4a011bac T genimg_get_comp_id
4a011bc4 T genimg_get_format
4a011bd8 T genimg_get_image
4a011bdc T genimg_has_config
4a011be4 T boot_get_ramdisk
4a011e60 T boot_ramdisk_high
4a011fac T boot_get_cmdline
4a01203c t delete_char.part.0
4a012110 t cread_add_char
4a0121fc T __show_boot_progress
4a0121fc W show_boot_progress
4a012200 T main_loop
4a012334 T readline_into_buffer
4a012c5c T readline
4a012c78 T parse_line
4a012d04 T run_command
4a0130b0 T do_run
4a013124 T get_ram_size
4a01322c t hex1_bin
4a013264 t hex2_bin
4a013298 T srec_decode
4a013500 T stdio_get_list
4a01350c T stdio_get_by_name
4a013560 T stdio_clone
4a0135a8 T stdio_register
4a0135ec T stdio_init
4a013674 t zm_save
4a01368c t zm_dprintf
4a0136c8 t zm_dump
4a0136d8 T CYGACC_COMM_IF_GETC_TIMEOUT
4a013724 t xyzModem_flush
4a01374c t xyzModem_get_hdr
4a013ab4 T CYGACC_COMM_IF_PUTC
4a013abc T parse_num
4a013bd8 T xyzModem_stream_open
4a013d48 T xyzModem_stream_read
4a013fec T xyzModem_stream_close
4a01404c T xyzModem_stream_terminate
4a01411c T xyzModem_error
4a01413c T get_dev
4a01419c T dev_print
4a0143b4 T init_part
4a0143d0 T get_partition_info
4a0143f8 T print_part
4a0144e0 t le32_to_int
4a014504 t is_extended
4a014528 t get_partition_info_extended
4a014760 t print_partition_extended
4a014964 T test_part_dos
4a0149cc T print_part_dos
4a0149f8 T get_partition_info_dos
4a014a14 T DMA_Request
4a014a9c T DMA_Release
4a014ac0 T DMA_Setting
4a014bd4 T DMA_Start
4a014bf8 T DMA_Stop
4a014c10 T DMA_Restart
4a014c28 T DMA_QueryStatus
4a014c38 T DMA_QueryChannalNo
4a014c40 t __fswab32
4a014c5c T __board_mmc_getcd
4a014c5c W board_mmc_getcd
4a014c64 T mmc_send_cmd
4a014ddc T mmc_send_status
4a014eb4 T mmc_set_blocklen
4a014ee8 T find_mmc_device
4a014f2c t mmc_berase
4a015094 t mmc_bwrite
4a015224 T mmc_read_blocks
4a0152fc t mmc_bread
4a0153a0 T mmc_go_idle
4a0153f0 T sd_send_op_cond
4a015540 T mmc_send_op_cond
4a01569c T mmc_send_ext_csd
4a0156ec T mmc_switch
4a015744 T mmc_change_freq
4a0157f4 T mmc_switch_part
4a015830 T sd_switch
4a01589c T sd_change_freq
4a015a70 T mmc_set_ios
4a015a80 T mmc_set_clock
4a015a9c T mmc_set_bus_width
4a015ab0 T mmc_startup
4a0160b0 T mmc_send_if_cond
4a01612c T mmc_register
4a0161b4 T mmc_get_dev
4a0161c8 T mmc_init
4a01628c W cpu_mmc_init
4a01628c t __def_mmc_init
4a016294 T print_mmc_devices
4a0162f8 T get_mmc_num
4a016308 T mmc_initialize
4a016354 t mmc_update_clk
4a0163b4 t mmc_core_init
4a0163cc t mmc_send_cmd
4a01690c T ccm_get_pll5_dev_clk
4a016958 T ccm_get_pll6_dev_clk
4a016990 T smc_set_card_clk
4a016a94 t mmc_set_ios
4a016b30 T sunxi_mmc_init
4a016d38 T nand_init
4a016df4 t nand_release_device
4a016e0c t nand_read_byte
4a016e20 t nand_read_byte16
4a016e34 t nand_read_word
4a016e44 t nand_write_buf
4a016e70 t nand_read_buf
4a016e9c t nand_verify_buf
4a016ee0 t nand_write_buf16
4a016f10 t nand_read_buf16
4a016f3c t nand_verify_buf16
4a016f80 t nand_block_bad
4a017070 t nand_check_wp
4a0170ac t nand_read_page_raw
4a0170e4 t nand_read_page_raw_syndrome
4a0171b8 t nand_read_page_swecc
4a0172cc t nand_read_subpage
4a017544 t nand_read_page_hwecc
4a01767c t nand_read_page_hwecc_oob_first
4a0177b0 t nand_read_page_syndrome
4a0178d8 t nand_read_oob_std
4a017920 t nand_read_oob_syndrome
4a017a28 t nand_write_oob_std
4a017a98 t nand_write_oob_syndrome
4a017c4c t nand_write_page_raw
4a017c80 t nand_write_page_raw_syndrome
4a017d50 t nand_write_page_swecc
4a017e00 t nand_write_page_hwecc
4a017ec0 t nand_write_page_syndrome
4a017fb4 t single_erase_cmd
4a017ff0 t multi_erase_cmd
4a018078 t nand_sync
4a018088 t nand_block_checkbad
4a018108 t nand_block_isbad
4a018138 t nand_block_markbad
4a018174 t nand_write_page
4a01821c t nand_fill_oob
4a018324 t nand_do_write_oob
4a0184f0 t nand_do_write_ops
4a0187c0 t nand_write
4a018844 t nand_default_block_markbad
4a018930 t nand_wait
4a018a04 t generic_ffs.part.0
4a018a48 t nand_select_chip
4a018aa0 t nand_write_oob
4a018b54 t nand_transfer_oob
4a018c5c T nand_wait_ready
4a018ca8 t nand_do_read_ops
4a0190ac t nand_read_oob
4a019378 t nand_read
4a0193fc t nand_command
4a0195cc t nand_command_lp
4a01982c T nand_erase_nand
4a019c6c t nand_erase
4a019c74 T nand_scan_ident
4a01a2c8 T nand_scan_tail
4a01a850 T nand_scan
4a01a874 T nand_release
4a01a89c t check_pattern
4a01a950 t scan_read_raw
4a01a998 t create_bbt
4a01ac94 t search_bbt
4a01aec8 t read_bbt
4a01b0fc t read_abs_bbt
4a01b1f0 t write_bbt
4a01b840 T nand_update_bbt
4a01b97c t mark_bbt_region
4a01bb08 T nand_scan_bbt
4a01bfc8 T nand_default_bbt
4a01c07c T nand_isbad_bbt
4a01c0f8 T nand_calculate_ecc
4a01c1e8 T nand_correct_data
4a01c30c t nand_block_bad_scrub
4a01c314 t check_skip_len
4a01c3a4 T nand_erase_opts
4a01c704 T nand_write_skip_bad
4a01c8e8 T nand_read_skip_bad
4a01cae8 T board_nand_init
4a01caf8 T sunxi_nand_read_opts
4a01cb6c T sunxi_nand_write_opts
4a01cbe0 T sunxi_nand_erase_opts
4a01cbe8 T sunxi_nand_flush_opts
4a01cbf8 T NS16550_init
4a01cc44 T NS16550_reinit
4a01cc94 T NS16550_putc
4a01cca8 T NS16550_getc
4a01ccc0 T NS16550_tstc
4a01cccc t calc_divisor.isra.0
4a01ccf0 T serial_init
4a01cd60 T _serial_putc
4a01cd98 T _serial_putc_raw
4a01cdb4 T _serial_puts
4a01cddc T _serial_getc
4a01cdf8 T _serial_tstc
4a01ce0c T _serial_setbrg
4a01ce34 T serial_putc
4a01ce48 T serial_putc_raw
4a01ce5c T serial_puts
4a01ce70 T serial_getc
4a01ce84 T serial_tstc
4a01ce98 T serial_setbrg
4a01ceac t sunxi_flash_null_read
4a01ceb4 t sunxi_flash_null_write
4a01cebc t sunxi_flash_null_get_size
4a01cec8 t sunxi_flash_null_exit
4a01ced0 t sunxi_flash_mmc_read
4a01cf14 t sunxi_flash_mmc_write
4a01cf58 t sunxi_flash_mmc_get_size
4a01cf70 t sunxi_flash_mmc_exit
4a01cf78 t sunxi_flash_nand_exit
4a01cf7c t sunxi_flash_nand_get_size
4a01cf8c t sunxi_flash_nand_write
4a01cfc4 t sunxi_flash_nand_read
4a01cffc T sunxi_flash_handle_init
4a01d110 t dirdelim
4a01d144 T downcase
4a01d168 T disk_read
4a01d1bc T fat_register_device
4a01d2cc T get_name
4a01d390 T get_fatent
4a01d52c T get_cluster
4a01d5e8 T get_contents
4a01d7ac T slot2str
4a01d878 T get_vfatname
4a01da58 T mkcksum
4a01da88 T read_bootsectandvi
4a01db8c T do_fat_read
4a01e69c T file_fat_detectfs
4a01e7f4 T file_fat_ls
4a01e804 T file_fat_read
4a01e83c t set_name
4a01e988 t disk_write
4a01ea14 t set_cluster
4a01eac8 t flush_fat_buffer
4a01eb24 t get_fatent_value
4a01ece0 t set_fatent_value
4a01ede8 t set_contents
4a01f01c t flush_dir_table.constprop.6
4a01f100 t do_fat_write
4a01fc60 T file_fat_write
4a01fc94 T file_getfsname
4a01fcac T file_cd
4a01fea4 T file_detectfs
4a01fee0 T file_ls
4a01ff64 T file_read
4a01fff8 T crc7
4a020028 T cyg_crc16
4a020070 T crc32_no_comp
4a020150 T crc32
4a020164 T crc32_wd
4a020168 T display_options
4a020188 T print_size
4a0202cc T print_buffer
4a020438 T zfree
4a020440 T zalloc
4a020450 T zunzip
4a020558 T gunzip
4a020604 t cmpkey
4a020618 T hcreate_r
4a0206c4 T hdestroy_r
4a020738 T hstrstr_r
4a0207e4 T hmatch_r
4a020884 T hsearch_r
4a020b74 T hdelete_r
4a020c20 T hexport_r
4a020ed0 T himport_r
4a0211b4 t lmb_add_region
4a02137c T lmb_dump_all
4a021474 T lmb_init
4a02149c T lmb_add
4a0214a0 T lmb_free
4a0215c4 T lmb_reserve
4a0215cc T lmb_overlaps_region
4a021628 T __lmb_alloc_base
4a021758 T lmb_alloc_base
4a02178c T lmb_alloc
4a021794 T lmb_is_reserved
4a0217f4 T __board_lmb_reserve
4a0217f4 W board_lmb_reserve
4a0217f8 T __arch_lmb_reserve
4a0217fc T ldiv
4a02184c T string_to_ip
4a0218bc T qsort
4a0219c0 T strcmp_compar
4a0219cc T strmhz
4a021a38 T __div64_32
4a021b24 T strcpy
4a021b3c T strncpy
4a021b60 T strcat
4a021b8c T strncat
4a021be0 T strcmp
4a021c08 T strncmp
4a021c4c T strchr
4a021c80 T strlen
4a021ca0 T strrchr
4a021cdc T strnlen
4a021d08 T strdup
4a021d3c T strspn
4a021d7c T strpbrk
4a021db8 T strtok
4a021e30 T strsep
4a021e64 T strswab
4a021eb0 T memset
4a021f20 T bcopy
4a021f48 T memcpy
4a021fb4 T memmove
4a022020 T memcmp
4a022054 T memscan
4a022080 T strstr
4a0220e0 T memchr
4a022110 T udelay
4a022140 t string
4a0221dc t put_dec
4a02240c t number
4a02267c T simple_strtoul
4a022728 T strict_strtoul
4a0227a0 T simple_strtol
4a0227c8 T ustrtoul
4a02283c T simple_strtoull
4a02293c T vsprintf
4a022d8c T sprintf
4a022db0 T panic
4a022df4 T __assert_fail
4a022e08 T zcfree
4a022e10 T zcalloc
4a022e18 T inflate_fast
4a02344c T inflate_table
4a023a20 T inflateReset
4a023acc T inflateInit2_
4a023bfc T inflateInit_
4a023c10 T inflateEnd
4a023ca4 T z_error
4a023cc0 T adler32
4a023fb8 T inflate
4a025884 T nand_write_uboot
4a0258b8 T nand_read_uboot
4a0258ec T nand_get_dev
4a02590c T nand_erase_uboot
4a025aa0 T nand_init_uboot
4a025b00 T NAND_PhyRead
4a025b04 T NAND_PhyRead_Seq
4a025b08 T NAND_PhyRead_1K
4a025b0c T NAND_PhyWrite
4a025b10 T NAND_PhyWrite_1K
4a025b14 T NAND_PhyWrite_Seq
4a025b18 T NAND_PhyErase
4a025b1c T NAND_PhyInit
4a025bcc T NAND_PhyExit
4a025bdc T NAND_LogicWrite
4a025be0 T NAND_LogicRead
4a025be4 T NAND_Init
4a025c90 T NAND_Exit
4a025cb4 T NAND_HWScanStart
4a025d24 T NAND_HWScanStop
4a025d40 T NAND_VersionGet
4a025d68 T NAND_VersionCheck
4a025ed4 T NAND_EraseBootBlocks
4a025f38 T NAND_EraseChip
4a026344 T NAND_BadBlockScan
4a0266e8 T NAND_RequestDMA
4a026704 T NAND_ReleaseDMA
4a026724 T NAND_DMAConfigStart
4a026828 T NAND_QueryDmaStat
4a026838 T NAND_WaitDmaFinish
4a026840 T NAND_ClkRequest
4a026848 T NAND_ClkRelease
4a02684c T NAND_AHBEnable
4a026868 T NAND_AHBDisable
4a026880 T NAND_ClkEnable
4a02689c T NAND_ClkDisable
4a0268b4 T _GetCmuClk
4a0268e8 T NAND_SetClk
4a026958 T NAND_GetClk
4a026980 T NAND_PIORequest
4a0269ac T NAND_PIORelease
4a0269b0 T NAND_Malloc
4a0269b4 T NAND_Free
4a0269b8 T OSAL_IrqUnLock
4a0269bc T OSAL_IrqLock
4a0269c0 T NAND_WaitRbReady
4a0269c8 T NAND_IORemap
4a0269cc T NAND_Print
4a0269dc t _calc_crc32.constprop.0
4a026a74 T sunxi_nand_getpart_num
4a026a9c T sunxi_nand_getpart_name
4a026ac4 T sunxi_nand_getpart_offset
4a026b20 T sunxi_nand_getpart_size
4a026b7c T sunxi_nand_getpart_offset_byname
4a026c0c T sunxi_nand_getpart_size_byname
4a026c9c T sunxi_nand_getpart_info_byname
4a026d58 T sunxi_nand_scan_partition
4a026f04 t _GetFreeBlkFromDieInfo
4a026f78 T _CalculatePhyOpPar
4a0270b0 t _VirtualBlockErase
4a027164 t _VirtualPageWrite
4a027320 t _WriteBadBlkFlag
4a0274a0 t _VirtualPageRead
4a027620 t _GetEccFlag
4a027658 t _GetLogAge
4a027694 t _GetLastUsedPage
4a027a20 t _MergeDataBlkToFreeBlk
4a027b3c t _VirtualFreeBlockCheck
4a027cb0 t _RebuildZoneTbls
4a02a588 T FMT_Init
4a02ab78 T FMT_Exit
4a02ab80 T FMT_FormatNand
4a02af70 T ClearNandStruct
4a02af84 t _CalculateSectPar
4a02b134 t _MergeCachePageData
4a02b1ec T LML_CalculatePhyOpPar
4a02b324 t _CloseWritePage
4a02b3e8 T LML_VirtualPageRead
4a02b550 T LML_VirtualPageWrite
4a02b700 T LML_VirtualBlkErase
4a02b7c8 T LML_PageRead
4a02ba88 T LML_PageWrite
4a02bf30 t _WritePageCacheToNand
4a02c040 T LML_FlushPageCache
4a02c080 T LML_Read
4a02c304 T LML_Write
4a02c56c T LML_Init
4a02c720 T LML_Exit
4a02c798 T NAND_GetDiskSize
4a02c7e0 T NAND_SetPartInfo
4a02c930 t _GetTblCheckSum
4a02c958 t _write_back_page_map_tbl
4a02cef8 t _write_back_block_map_tbl
4a02d2c8 T dump
4a02d36c T PMM_InitMapTblCache
4a02d400 T PMM_ExitMapTblCache
4a02d444 T BMM_InitMapTblCache
4a02d54c T BMM_ExitMapTblCache
4a02d5a0 T BMM_SwitchMapTbl
4a02d8d4 T BMM_WriteBackAllMapTbl
4a02d960 T BMM_SetDirtyFlag
4a02da1c T PMM_SwitchMapTbl
4a02dfb4 T BMM_RleaseLogBlock
4a02e0f8 T BMM_MergeAllLogBlock
4a02e224 T BMM_DumpMap
4a02e32c t _CalLogAccessCnt
4a02e390 t _GetLogBlkPst
4a02e3d8 T PMM_CalNextLogPage
4a02e484 T BMM_GetDataBlk
4a02e4f4 T BMM_SetDataBlk
4a02e574 T BMM_GetFreeBlk
4a02e684 T BMM_SetFreeBlk
4a02e6fc T BMM_SetLogBlk
4a02e764 T BMM_CalLogBlkType
4a02e7dc t _GetLogPageForWrite
4a02eff0 T BMM_GetLogBlk
4a02f1f4 T PMM_GetLogPage
4a02f464 T PMM_ClearCurMapTbl
4a02f494 T PMM_GetCurMapPage
4a02f4b4 T PMM_SetCurMapPage
4a02f4d4 T _copy_page0
4a02f6c0 T _log2data_swap_merge
4a02f8b0 T _free2log_move_merge
4a030004 T _free2data_simple_merge
4a030570 T _get_page_map_tbl_info
4a03063c T LML_MergeLogBlk
4a0306c8 T LML_ReadReclaim
4a0307c4 T nand_calc_crc32
4a030858 T _get_mbr
4a0308e8 T _free_mbr
4a030918 T mbr2disks
4a030980 T NAND_PartInit
4a030b58 T _cal_block_in_chip
4a030c00 T _read_single_page_seq
4a030dfc T _read_single_page_1K
4a030fe0 T _read_single_page_spare
4a0315d4 T PHY_SimpleRead_Seq
4a0315dc T PHY_SimpleRead_1K
4a0315e4 T PHY_BlockErase
4a03177c T _read_sectors
4a031cc0 T _two_plane_read
4a031f34 T PHY_PageRead
4a032184 T _cal_addr_in_chip_for_spare
4a032248 T _read_sectors_for_spare
4a032a20 T PHY_PageReadSpare
4a032c50 T PHY_FreePageCheck
4a032d20 T PHY_PageWrite
4a032f08 T _single_copy_back
4a0330d0 T _multi_copy_back
4a033454 T PHY_PageCopyback
4a033580 T PHY_ScanDDRParam
4a0336d0 T PHY_ReadNandUniqueId
4a0337a4 T _add_cmd_list
4a0337dc T _cal_addr_in_chip
4a03389c T _cal_real_chip
4a0339a4 T _cal_real_rb
4a033a28 T _read_status
4a033ab0 T _wait_rb_ready
4a033ae8 T _wait_rb_ready_int
4a033b20 T _pending_dma_irq_sem
4a033b24 T _random_seed_init
4a033b28 T _cal_random_seed
4a033b40 T PHY_Init
4a033bb0 T PHY_GetDefaultParam
4a033e20 T PHY_SetDefaultParam
4a033e64 T PHY_ChangeMode
4a033f50 T PHY_Exit
4a034028 T PHY_ResetChip
4a0340d8 T _read_single_page
4a0345b4 T PHY_ReadNandId
4a034628 T PHY_CheckWp
4a034684 T _pending_rb_irq_sem
4a034688 T _do_irq
4a03468c T PHY_SimpleRead
4a034694 T PHY_SynchBank
4a034810 T _write_signle_page
4a0349b8 T _write_signle_page_seq
4a034b60 T _write_signle_page_1K
4a034cd0 T _erase_single_block
4a034d94 T PHY_SimpleWrite
4a034e14 T PHY_SimpleWrite_Seq
4a034e94 T PHY_SimpleWrite_1K
4a034f14 T PHY_SimpleErase
4a034f7c T NAND_GetPageSize
4a034f90 T NAND_GetLogicPageSize
4a034fac T NAND_GetPageCntPerBlk
4a034fbc T NAND_GetBlkCntPerChip
4a034fd4 T NAND_GetChipCnt
4a034fe4 T NAND_GetChipConnect
4a034ff4 T NAND_GetBadBlockFlagPos
4a034ffc T NAND_GetReadRetryType
4a03500c T NAND_GetValidBlkRatio
4a03501c T NAND_SetValidBlkRatio
4a035038 T NAND_GetFrequencePar
4a035048 T NAND_SetFrequencePar
4a035060 T NAND_GetNandVersion
4a03506c T NAND_GetParam
4a035128 T NAND_GetFlashInfo
4a03516c T _SearchNandArchi
4a03536c T SCN_AnalyzeNandSystem
4a0357b0 t _MarkBadBlk
4a0358e8 T LML_BadBlkManage
4a035a64 T NFC_InitDDRParam
4a035a78 T nfc_repeat_mode_enable
4a035aa0 T nfc_repeat_mode_disable
4a035ac8 T _wait_cmdfifo_free
4a035b18 T _wait_cmd_finish
4a035b7c T _dma_config_start
4a035b80 T _wait_dma_end
4a035bcc T _reset
4a035c28 T _check_ecc
4a035cf8 T _disable_ecc
4a035d14 T _enable_ecc
4a035d48 T _enter_nand_critical
4a035d50 T _exit_nand_critical
4a035d58 T _set_addr
4a035db4 T _read_in_page_mode
4a035ee8 T NFC_Read
4a035f0c T nfc_set_cmd_register
4a035fb0 T NFC_SetRandomSeed
4a035fd8 T NFC_RandomEnable
4a035ff8 T NFC_RandomDisable
4a036018 T NFC_GetId
4a03607c T NFC_GetStatus
4a0360c8 T NFC_ResetChip
4a0360ec T NFC_SelectChip
4a036124 T NFC_SelectRb
4a03614c T NFC_DeSelectChip
4a036154 T NFC_DeSelectRb
4a03615c T NFC_CheckRbReady
4a036184 T NFC_ChangMode
4a036294 T NFC_SetEccMode
4a0362bc T NFC_Init
4a036374 T NFC_Exit
4a0363a8 T _vender_get_param
4a03644c T _vender_set_param
4a0366ec T _vender_pre_condition
4a036790 T _vender_get_param_otp_hynix
4a036a5c T NFC_ReadRetry
4a036d78 T NFC_ReadRetryInit
4a037124 T NFC_GetOTPValue
4a037160 T NFC_GetDefaultParam
4a037274 T NFC_SetDefaultParam
4a03746c T NFC_ReadRetry_off
4a0374bc T NFC_ReadRetryExit
4a0374c4 T NFC_RbIntEnable
4a0374e0 T NFC_RbIntDisable
4a0374fc T NFC_RbIntClearStatus
4a037514 T NFC_RbIntGetStatus
4a03752c T NFC_RbIntOccur
4a03754c T NFC_GetRbSelect
4a037568 T NFC_GetRbStatus
4a0375a4 T NFC_DmaIntEnable
4a0375c0 T NFC_DmaIntDisable
4a0375dc T NFC_DmaIntClearStatus
4a0375f4 T NFC_DmaIntGetStatus
4a03760c T NFC_DmaIntOccur
4a037638 T _wait_twb
4a03763c T NFC_GetUniqueId
4a0376a8 T NFC_Write
4a0377f0 T NFC_Write_Seq
4a037978 T NFC_Write_1K
4a037af0 T NFC_Erase
4a037b28 T NFC_CopyBackRead
4a037b60 T NFC_CopyBackWrite
4a037b98 T _read_in_page_mode_seq
4a037d24 T _read_in_page_mode_1K
4a037e94 T _read_in_page_mode_spare
4a037fb8 T NFC_Read_Seq
4a03800c T NFC_Read_1K
4a038060 T NFC_Read_Spare
4a0380b4 T NFC_LSBInit
4a0381d0 T LSB_GetDefaultParam
4a038218 T LSB_SetDefaultParam
4a038230 T NFC_LSBEnable
4a03828c T NFC_LSBDisable
4a0382a8 T NFC_LSBExit
4a03832c T fastboot_flash_partition_init
4a038570 T fastboot_partition_init
4a038594 T android_misc_flash_check
4a038794 T check_android_misc
4a0387b8 T set_boot_type_arg
4a0387e4 T board_init
4a03882c T board_late_init
4a038844 T dram_init_banksize
4a0388a8 T dram_init
4a0388c8 T board_mmc_init
4a038904 T mmc_get_env_addr
4a038924 T checkboard
4a03893c T raise
4a038958 T __aeabi_unwind_cpp_pr0
4a038960 T __udivsi3
4a038960 t .udivsi3_skip_div0_test
4a038960 t __aeabi_uidiv
4a038bbc t __aeabi_uidivmod
4a038bd8 T __divsi3
4a038bd8 t __aeabi_idiv
4a038bde t .divsi3_skip_div0_test
4a038e6c t __aeabi_idivmod
4a038e88 T __lshrdi3
4a038e88 t __aeabi_llsr
4a038ea0 T __ashrdi3
4a038ea0 t __aeabi_lasr
4a038ebc T __ashldi3
4a038ebc t __aeabi_llsl
4a038ed4 W __aeabi_ldiv0
4a038ed4 t __aeabi_idiv0
4a038ee0 T reverse
4a038f28 T parser_hextoi
4a038fb8 T check_smdt_param
4a03902c T update_env
4a039128 T do_update
4a03914c r __func__.2580
4a0391e0 r boot_os
4a039264 r __func__.3003
4a039274 r baudrate_table
4a039288 r __func__.2969
4a039298 V version_string
4a0392e9 r CSWTCH.29
4a0392ff r __func__.2650
4a03930e r __func__.2656
4a039322 r __func__.2661
4a039337 r __func__.2669
4a03934f r __func__.2683
4a039361 r __func__.2781
4a03936a R default_environment
4a039824 r __func__.2704
4a039834 r __func__.2711
4a03983f r __func__.3599
4a039850 r uimage_os
4a0398a4 r uimage_arch
4a039988 r uimage_type
4a039a54 r uimage_comp
4a039a9c r erase_seq
4a039aa0 r tab_seq
4a039aac r CSWTCH.22
4a039acc r block_drvr
4a039ae4 r multipliers
4a039b24 r fbase
4a039b34 r default_nand_name
4a039b39 r __FUNCTION__.3909
4a039b47 r __FUNCTION__.3331
4a039b58 r __FUNCTION__.3672
4a039b6a r __func__.4044
4a039b7e r __FUNCTION__.4077
4a039b8d r nand_ecc_precalc_table
4a039c90 R nand_manuf_ids
4a039ce0 R nand_flash_ids
4a03a148 r serial_ports
4a03a158 r filesystems
4a03a170 R crc7_syndrome_table
4a03a270 r crc16_tab
4a03a470 r crc_table
4a03a870 r names.2673
4a03a876 r __func__.2691
4a03a87c R _ctype
4a03a97c r digits.2661
4a03a98c R hex_asc
4a03a9a0 r lext.2903
4a03a9de r lbase.2902
4a03aa1c r dext.2905
4a03aa5c r dbase.2904
4a03aa9c r lenfix
4a03b29c r distfix
4a03b31c r order.2998
4a03b344 R z_errmsg
4a03b378 r __FUNCTION__.3090
4a03b390 r CSWTCH.2
4a03b393 r CSWTCH.4
4a03b39a R random_seed
4a03b4a4 R param0x30low
4a03b4e4 R param0x30high
4a03b534 R para0
4a03b564 R para1
4a03b594 R para0x10
4a03b59e R para0x20
4a03b616 R param0x40
4a03b62a R param0x50
4a03b638 r __func__.2664
4a03b64e r CSWTCH.6
4a03b651 r CSWTCH.2
4a03b654 r CSWTCH.4
4a03b657 r CSWTCH.6
4a03b65a r __FUNCTION__.3209
4a03b663 r __FUNCTION__.3249
4a03b675 r __FUNCTION__.3256
4a03b687 r __FUNCTION__.3022
4a03b698 r __func__.2576
4a0469a8 D mmc_card_no
4a0469ac d script_mod_buf
4a0469b0 d script_main_key_count
4a0469b4 D init_sequence
4a0469e0 d cmd_bootm_sub
4a046aa4 d interface
4a046ac4 d static_pcount
4a046ac8 d dp_last_length
4a046acc d curr_device
4a046ad0 d cmd_env_sub
4a046bb0 d env_id
4a046bb4 D load_addr
4a046bb8 d sbrk_base
4a046bbc d av_
4a046fc4 d trim_threshold
4a046fc8 d mmap_threshold
4a046fd0 D env_offset
4a046fd8 D env_size
4a046fdc D env_name_spec
4a046fe0 d reserved_list
4a047064 d hist_cur
4a047068 D stdio_names
4a047074 d zm_out
4a047078 D dma_channal
4a047178 d cur_dev_num
4a04717c D nand_curr_device
4a047180 d nand_oob_8
4a0473c8 d nand_oob_16
4a047610 d nand_oob_64
4a047858 d nand_oob_128
4a047aa0 d largepage_flashbased
4a047ac4 d smallpage_flashbased
4a047ae8 d largepage_memorybased
4a047b0c d smallpage_memorybased
4a047b30 d bbt_main_descr
4a047b54 d bbt_mirror_descr
4a047b78 d agand_flashbased
4a047b9c d bbt_pattern
4a047ba0 d mirror_pattern
4a047ba4 d scan_agand_pattern
4a047baa d scan_ff_pattern
4a047bac d cur_part
4a047bb0 D file_cwd
4a047db0 d current_filesystem
4a047db4 D blks_array
4a047dfc D DefaultNandTbl
4a047e24 D SandiskNandTbl
4a047ec4 D PowerNandTbl
4a047f14 D SpansionNandTbl
4a047fb4 D StNandTbl
4a048144 D IntelNandTbl
4a0482d4 D MicronNandTbl
4a04866c D ToshibaNandTbl
4a0489dc D HynixNandTbl
4a048f7c D SamsungNandTbl
4a0494f4 d DefualtPhysicArchiPara
4a049504 d PhysicArchiPara0
4a049514 d PhysicArchiPara2
4a049524 d PhysicArchiPara4
4a049534 d PhysicArchiPara5
4a049544 d PhysicArchiPara6
4a049554 d PhysicArchiPara7
4a049564 d PhysicArchiPara8
4a049574 d PhysicArchiPara9
4a049584 d PhysicArchiPara3
4a049594 d PhysicArchiPara1
4a0495b0 A __u_boot_cmd_start
4a0495b0 D __u_boot_cmd_key_test
4a0495cc D __u_boot_cmd_reset
4a0495e8 D __u_boot_cmd_go
4a049604 D __u_boot_cmd_boota
4a049620 D __u_boot_cmd_bootd
4a04963c D __u_boot_cmd_boot
4a049658 D __u_boot_cmd_bootm
4a049674 D __u_boot_cmd_exit
4a049690 D __u_boot_cmd_fastboot
4a0496ac D __u_boot_cmd_fatinfo
4a0496c8 D __u_boot_cmd_fatls
4a0496e4 D __u_boot_cmd_fatdown
4a049700 D __u_boot_cmd_fatload
4a04971c D __u_boot_cmd_question_mark
4a049738 D __u_boot_cmd_help
4a049754 D __u_boot_cmd_mtest
4a049770 D __u_boot_cmd_loop
4a04978c D __u_boot_cmd_base
4a0497a8 D __u_boot_cmd_crc32
4a0497c4 D __u_boot_cmd_cmp
4a0497e0 D __u_boot_cmd_cp
4a0497fc D __u_boot_cmd_mw
4a049818 D __u_boot_cmd_nm
4a049834 D __u_boot_cmd_mm
4a049850 D __u_boot_cmd_md
4a04986c D __u_boot_cmd_mmc
4a049888 D __u_boot_cmd_mmcinfo
4a0498a4 D __u_boot_cmd_nboot
4a0498c0 D __u_boot_cmd_nand
4a0498dc D __u_boot_cmd_run
4a0498f8 D __u_boot_cmd_setenv
4a049914 D __u_boot_cmd_printenv
4a049930 D __u_boot_cmd_env
4a04994c D __u_boot_cmd_saveenv
4a049968 D __u_boot_cmd_sunxi_flash
4a049984 D __u_boot_cmd_true
4a0499a0 D __u_boot_cmd_false
4a0499bc D __u_boot_cmd_test
4a0499d8 D __u_boot_cmd_version
4a0499f4 D __u_boot_cmd_showvar
4a049a10 D __u_boot_cmd_update
4a049a2c A __image_copy_end
4a049a2c A __u_boot_cmd_end
4a049a2c B __bss_start
4a049a2c B uart_console
4a049a2c R __rel_dyn_start
4a049a30 B storage_type
4a049a34 b udc
4a049a5c b set_address
4a049a60 b fastboot_fifo_ep0
4a049aa0 b device_strings
4a049ab8 b fastboot_interface
4a049abc b deferred_rx
4a049ac0 b fastboot_fifo_bulk_ep
4a049cc0 b mbr_buf
4a04dcc0 B irq_vector
4a04de94 b usbc_info_g
4a04deac b usbc_otg_array
4a04df2c b usbc_base_address
4a04df38 B monitor_flash_len
4a04df3c b params
4a04df40 b boot_hdr
4a04e140 b images
4a04e26c b download_size
4a04e270 b download_bytes
4a04e274 b download_bytes_unpadded
4a04e278 b download_error
4a04e27c b continue_booting
4a04e280 b upload_size
4a04e284 b upload_bytes
4a04e288 b upload_error
4a04e28c b pcount
4a04e290 b ptable
4a04e550 b base_address
4a04e554 b dp_last_addr
4a04e558 b dp_last_size
4a04e55c b mm_last_addr
4a04e560 b mm_last_size
4a04e568 b last.3525
4a04e570 b tmp_buf.2613
4a04e770 b tmp_buf
4a04e870 b ctrlc_disabled
4a04e874 b ctrlc_was_pressed
4a04e878 b current_mallinfo
4a04e8a0 B mem_malloc_brk
4a04e8a4 B mem_malloc_start
4a04e8a8 B mem_malloc_end
4a04e8ac b top_pad
4a04e8b0 b max_sbrked_mem
4a04e8b4 b max_total_mem
4a04e8b8 b n_mmaps_max
4a04e8bc B env_htab
4a04e8c8 B env_ptr
4a04e8cc b top_vars
4a04e8d0 b flag_repeat
4a04e8d4 b do_repeat
4a04e8d8 b the_command.2827
4a04e9d8 b local.2811
4a04e9ee b buf.3025
4a04ea18 B last_return_code
4a04ea1c b map
4a04eb1c b ifs
4a04eb20 B nesting_level
4a04eb24 b initted.2825
4a04eb28 b hist_max
4a04eb2c b hist_add_idx
4a04eb30 B hist_num
4a04eb34 B hist_lines
4a04ff48 B hist_list
4a04ff98 B console_buffer
4a05009c b devs
4a0500d8 B stdio_devices
4a0500e4 b zm_bp
4a0500e8 b xyz
4a050194 R __dynsym_start
4a050194 R __rel_dyn_end
4a050254 A _end
4a050524 b zm_buf
4a050d28 b mmc_devices
4a050d30 B mmc_host
4a050db0 B mmc_dev
4a051230 b nand_chip
4a051350 B nand_info
4a0513f8 b mmc
4a0513fc B sunxi_flash_read
4a051400 B sunxi_flash_write
4a051404 B sunxi_flash_get_size
4a051408 B sunxi_flash_exit
4a05140c B cur_dev
4a051410 B part_offset
4a051414 B get_vfatname_block
4a061414 B do_fat_read_block
4a071414 B get_dentfromdir_block
4a081414 b total_sector
4a081418 b dir_curclust
4a08141c b empty_dentptr
4a081420 B errno
4a081424 B ___strtok
4a081428 B z_verbose
4a08142c b nand_blk_dev
4a08149c B hDMA
4a0814a0 B BOOTFSMBR_buf
4a0854a0 b SuperBlkCntOfDie
4a0854a4 B lsb_page
4a0854a8 B DIE0_FIRST_BLK_NUM
4a0854ac B DieCntOfNand
4a0854b0 B NandDriverInfo
4a0854d0 b CachePage
4a0854e0 b LogicalCtl
4a085504 B NandPartInfo
4a085644 B nand_part_cnt
4a085648 B nand_disk_array
4a085738 B ZoneTblPstInfo
4a0857b8 B LogicArchiPar
4a0857c0 B PageMapTblCachePool
4a0857f4 B BlkMapTblCachePool
4a08586c B mbr
4a085870 B part_secur
4a0858c0 B NandStorageInfo
4a08591c B RetryCount
4a08593c B PageCachePool
4a085950 B ddr_param
4a085970 B nand_io_base
4a085974 B pagesize
4a085978 B read_retry_mode
4a085979 B read_retry_cycle
4a08597a B read_retry_reg_num
4a08597c B read_retry_val
4a085bfc B read_retry_default_val
4a085c7c B read_retry_reg_adr
4a085c8c B hynix_read_retry_otp_value
4a085e8c B irq_value
4a085e90 B nand_board_version
4a085e94 B lsb_mode_reg_num
4a085e95 B lsb_mode_reg_adr
4a085e9d B lsb_mode_val
4a085ea5 B lsb_mode_default_val
4a085eb0 b misc_message
4a0862f0 B recovery_notcheck_display
4a0862f4 B __bss_end__
